<?xml version="1.0" encoding="utf-8"?>
<TestRun id="716284fc-08d0-4b81-be44-8a64761cd118" name="ajack@NEBULOUS 2026-04-11 08:21:17" runUser="NEBULOUS\ajack" xmlns="http://microsoft.com/schemas/VisualStudio/TeamTest/2010">
  <Times creation="2026-04-11T08:21:17.6754299-05:00" queuing="2026-04-11T08:21:17.6754302-05:00" start="2026-04-11T08:21:14.4299308-05:00" finish="2026-04-11T08:21:36.5913009-05:00" />
  <TestSettings name="default" id="bae3d0b3-c9ba-49ab-8c6b-624b694992e4">
    <Deployment runDeploymentRoot="ajack_NEBULOUS_2026-04-11_08_21_17" />
  </TestSettings>
  <Results>
    <UnitTestResult executionId="50e5e789-979e-4249-acef-ddbf8f0786ef" testId="00c7fbfc-3786-7e7f-fba5-854aa27989d5" testName="With2JoinEventItselfProvidesMethod" computerName="NEBULOUS" duration="00:00:01.4753360" startTime="2026-04-11T08:21:14.8470039-05:00" endTime="2026-04-11T08:21:16.3222857-05:00" testType="13cdc9d9-ddb5-4fa4-a97d-d965ccfc6d4b" outcome="Passed" testListId="8c84fa94-04c1-424b-9868-57a2d4851a1d" relativeResultsDirectory="50e5e789-979e-4249-acef-ddbf8f0786ef" />
    <UnitTestResult executionId="309ebc78-5395-47b3-ac5d-9fffd2185e42" testId="c03d7f3c-8903-8ba0-49a4-c4e23c4cc563" testName="WithConstantVariable" computerName="NEBULOUS" duration="00:00:00.1862170" startTime="2026-04-11T08:21:35.2657322-05:00" endTime="2026-04-11T08:21:35.4519465-05:00" testType="13cdc9d9-ddb5-4fa4-a97d-d965ccfc6d4b" outcome="Passed" testListId="8c84fa94-04c1-424b-9868-57a2d4851a1d" relativeResultsDirectory="309ebc78-5395-47b3-ac5d-9fffd2185e42" />
    <UnitTestResult executionId="327d60d3-87fb-427d-ab77-478d5533a61d" testId="c5382b4c-9bbf-7ab1-6275-0ded93a27c51" testName="WithInvocationTargetEx" computerName="NEBULOUS" duration="00:00:00.1804220" startTime="2026-04-11T08:21:22.4773909-05:00" endTime="2026-04-11T08:21:22.6578097-05:00" testType="13cdc9d9-ddb5-4fa4-a97d-d965ccfc6d4b" outcome="Passed" testListId="8c84fa94-04c1-424b-9868-57a2d4851a1d" relativeResultsDirectory="327d60d3-87fb-427d-ab77-478d5533a61d" />
    <UnitTestResult executionId="bbcece14-a88c-46f2-9d50-7e4278d5ff66" testId="2d17ac21-f335-a260-ddb5-efcacbe200fe" testName="With3Hist2SubordinateChain" computerName="NEBULOUS" duration="00:00:00.4420960" startTime="2026-04-11T08:21:28.7049576-05:00" endTime="2026-04-11T08:21:29.1470459-05:00" testType="13cdc9d9-ddb5-4fa4-a97d-d965ccfc6d4b" outcome="Passed" testListId="8c84fa94-04c1-424b-9868-57a2d4851a1d" relativeResultsDirectory="bbcece14-a88c-46f2-9d50-7e4278d5ff66" />
    <UnitTestResult executionId="03557799-95d0-436e-b9e7-272db1e94ab2" testId="d33a42fd-e83c-efc9-fe80-b8969837d247" testName="With1Stream2HistInnerJoinPerformance" computerName="NEBULOUS" duration="00:00:00.3193530" startTime="2026-04-11T08:21:33.2856179-05:00" endTime="2026-04-11T08:21:33.6049654-05:00" testType="13cdc9d9-ddb5-4fa4-a97d-d965ccfc6d4b" outcome="Passed" testListId="8c84fa94-04c1-424b-9868-57a2d4851a1d" relativeResultsDirectory="03557799-95d0-436e-b9e7-272db1e94ab2" />
    <UnitTestResult executionId="026e252d-c756-4bed-b7a1-2b373c287683" testId="252f1163-7937-ca67-c264-81598f42353a" testName="With1Stream2HistStarSubordinateLeftRight" computerName="NEBULOUS" duration="00:00:00.5808270" startTime="2026-04-11T08:21:31.2818433-05:00" endTime="2026-04-11T08:21:31.8626606-05:00" testType="13cdc9d9-ddb5-4fa4-a97d-d965ccfc6d4b" outcome="Passed" testListId="8c84fa94-04c1-424b-9868-57a2d4851a1d" relativeResultsDirectory="026e252d-c756-4bed-b7a1-2b373c287683" />
    <UnitTestResult executionId="fb8a3766-baed-4310-9d32-eb7538b156e4" testId="671ef0be-bfbc-27c0-90c3-03a92d951550" testName="WithInvalid" computerName="NEBULOUS" duration="00:00:00.0142690" startTime="2026-04-11T08:21:32.9274948-05:00" endTime="2026-04-11T08:21:32.9417634-05:00" testType="13cdc9d9-ddb5-4fa4-a97d-d965ccfc6d4b" outcome="Passed" testListId="8c84fa94-04c1-424b-9868-57a2d4851a1d" relativeResultsDirectory="fb8a3766-baed-4310-9d32-eb7538b156e4" />
    <UnitTestResult executionId="9f72d5d7-bfd3-46c7-bedb-dae89bf01b16" testId="0fe21fbb-5cd2-a48b-cd3a-3ec90e1018b9" testName="With2JoinHistoricalSubordinateOuter" computerName="NEBULOUS" duration="00:00:00.5118910" startTime="2026-04-11T08:21:18.0759697-05:00" endTime="2026-04-11T08:21:18.5878514-05:00" testType="13cdc9d9-ddb5-4fa4-a97d-d965ccfc6d4b" outcome="Passed" testListId="8c84fa94-04c1-424b-9868-57a2d4851a1d" relativeResultsDirectory="9f72d5d7-bfd3-46c7-bedb-dae89bf01b16" />
    <UnitTestResult executionId="fc7d2513-5be0-479a-9ad9-82a8fd1cbc56" testId="57098130-5f93-86ad-547e-8afc2fcc1c2b" testName="TestEPLFromClauseMethodCacheExpiry" computerName="NEBULOUS" duration="00:00:00.1675390" startTime="2026-04-11T08:21:32.9418285-05:00" endTime="2026-04-11T08:21:33.1093645-05:00" testType="13cdc9d9-ddb5-4fa4-a97d-d965ccfc6d4b" outcome="Passed" testListId="8c84fa94-04c1-424b-9868-57a2d4851a1d" relativeResultsDirectory="fc7d2513-5be0-479a-9ad9-82a8fd1cbc56" />
    <UnitTestResult executionId="42313563-174e-4eb4-8ff3-e439bf01b0e2" testId="b9d40b28-78c6-7d11-ae3e-fadac93613c9" testName="With2JoinHistoricalIndependentOuter" computerName="NEBULOUS" duration="00:00:00.5540370" startTime="2026-04-11T08:21:16.3228193-05:00" endTime="2026-04-11T08:21:16.8768467-05:00" testType="13cdc9d9-ddb5-4fa4-a97d-d965ccfc6d4b" outcome="Passed" testListId="8c84fa94-04c1-424b-9868-57a2d4851a1d" relativeResultsDirectory="42313563-174e-4eb4-8ff3-e439bf01b0e2" />
    <UnitTestResult executionId="490a21d0-0f21-4bf8-85b3-d524a99cf58c" testId="2cb3c701-2f97-622a-9a64-81f39d75866e" testName="WithVariableInvalid" computerName="NEBULOUS" duration="00:00:00.1599380" startTime="2026-04-11T08:21:36.1501984-05:00" endTime="2026-04-11T08:21:36.3101330-05:00" testType="13cdc9d9-ddb5-4fa4-a97d-d965ccfc6d4b" outcome="Passed" testListId="8c84fa94-04c1-424b-9868-57a2d4851a1d" relativeResultsDirectory="490a21d0-0f21-4bf8-85b3-d524a99cf58c" />
    <UnitTestResult executionId="94d70a4b-2b7c-4d8d-a3c0-68ce2ee0fbab" testId="10f6098e-f4a1-e1ac-45fb-433aa21fb9ba" testName="With1Stream2HistStarSubordinateCartesianLast" computerName="NEBULOUS" duration="00:00:00.3647280" startTime="2026-04-11T08:21:25.7914882-05:00" endTime="2026-04-11T08:21:26.1562102-05:00" testType="13cdc9d9-ddb5-4fa4-a97d-d965ccfc6d4b" outcome="Passed" testListId="8c84fa94-04c1-424b-9868-57a2d4851a1d" relativeResultsDirectory="94d70a4b-2b7c-4d8d-a3c0-68ce2ee0fbab" />
    <UnitTestResult executionId="433ce100-6504-42a1-b72c-e97c6e2c7591" testId="6b4a3181-d5a4-8cd2-0637-6c948512d4ce" testName="WithVariableMapAndOA" computerName="NEBULOUS" duration="00:00:00.2023720" startTime="2026-04-11T08:21:36.3101534-05:00" endTime="2026-04-11T08:21:36.5125214-05:00" testType="13cdc9d9-ddb5-4fa4-a97d-d965ccfc6d4b" outcome="Passed" testListId="8c84fa94-04c1-424b-9868-57a2d4851a1d" relativeResultsDirectory="433ce100-6504-42a1-b72c-e97c6e2c7591" />
    <UnitTestResult executionId="8bfbc053-a9c4-4bb6-a43a-6109137c34d2" testId="a60dbf7c-0656-d59e-c4ab-1cf06eeab346" testName="With2Stream1HistStarSubordinateLeftRight" computerName="NEBULOUS" duration="00:00:00.4298830" startTime="2026-04-11T08:21:32.4975987-05:00" endTime="2026-04-11T08:21:32.9274745-05:00" testType="13cdc9d9-ddb5-4fa4-a97d-d965ccfc6d4b" outcome="Passed" testListId="8c84fa94-04c1-424b-9868-57a2d4851a1d" relativeResultsDirectory="8bfbc053-a9c4-4bb6-a43a-6109137c34d2" />
    <UnitTestResult executionId="6240750f-ca1b-4cb3-9d15-75a65c9af994" testId="c4ed1c6c-81dd-5967-d6c0-6f9a39d363e9" testName="WithNonConstantVariable" computerName="NEBULOUS" duration="00:00:00.3315520" startTime="2026-04-11T08:21:35.8186333-05:00" endTime="2026-04-11T08:21:36.1501799-05:00" testType="13cdc9d9-ddb5-4fa4-a97d-d965ccfc6d4b" outcome="Passed" testListId="8c84fa94-04c1-424b-9868-57a2d4851a1d" relativeResultsDirectory="6240750f-ca1b-4cb3-9d15-75a65c9af994" />
    <UnitTestResult executionId="2f413a47-5dce-4392-9921-9c3f1767ae25" testId="5fbebd37-a183-382c-349c-0df2b00a91a8" testName="With2Stream1HistTwoSidedEntryMixedIndex" computerName="NEBULOUS" duration="00:00:00.2597979" startTime="2026-04-11T08:21:34.1697543-05:00" endTime="2026-04-11T08:21:34.4295472-05:00" testType="13cdc9d9-ddb5-4fa4-a97d-d965ccfc6d4b" outcome="Passed" testListId="8c84fa94-04c1-424b-9868-57a2d4851a1d" relativeResultsDirectory="2f413a47-5dce-4392-9921-9c3f1767ae25" />
    <UnitTestResult executionId="ad0b0dc0-b699-4b4e-b669-a98034329b76" testId="c07a58d2-40c1-29bf-4723-e4a244974751" testName="With3Stream1HistSubordinate" computerName="NEBULOUS" duration="00:00:00.2886150" startTime="2026-04-11T08:21:29.9361451-05:00" endTime="2026-04-11T08:21:30.2247555-05:00" testType="13cdc9d9-ddb5-4fa4-a97d-d965ccfc6d4b" outcome="Passed" testListId="8c84fa94-04c1-424b-9868-57a2d4851a1d" relativeResultsDirectory="ad0b0dc0-b699-4b4e-b669-a98034329b76" />
    <UnitTestResult executionId="a8458b60-c13e-4383-981e-cb5d3a7168c4" testId="31c3ff31-8f51-313e-0cc9-b7abe533694b" testName="WithParameterizedByTwoField" computerName="NEBULOUS" duration="00:00:00.2049060" startTime="2026-04-11T08:21:35.0607515-05:00" endTime="2026-04-11T08:21:35.2656538-05:00" testType="13cdc9d9-ddb5-4fa4-a97d-d965ccfc6d4b" outcome="Passed" testListId="8c84fa94-04c1-424b-9868-57a2d4851a1d" relativeResultsDirectory="a8458b60-c13e-4383-981e-cb5d3a7168c4" />
    <UnitTestResult executionId="dbf3c53f-6f6a-4ae9-a877-3f8c791e6b70" testId="b420fcf1-f521-9350-9401-f000af33d434" testName="With3HistPureNoSubordinate" computerName="NEBULOUS" duration="00:00:00.4354710" startTime="2026-04-11T08:21:29.1470710-05:00" endTime="2026-04-11T08:21:29.5825348-05:00" testType="13cdc9d9-ddb5-4fa4-a97d-d965ccfc6d4b" outcome="Passed" testListId="8c84fa94-04c1-424b-9868-57a2d4851a1d" relativeResultsDirectory="dbf3c53f-6f6a-4ae9-a877-3f8c791e6b70" />
    <UnitTestResult executionId="cbcaab0d-84cd-4413-b600-fd67d87de642" testId="a7277fbb-a9f3-e6ea-eccb-c00f4c75e57c" testName="WithOverloaded" computerName="NEBULOUS" duration="00:00:00.6827780" startTime="2026-04-11T08:21:23.5758026-05:00" endTime="2026-04-11T08:21:24.2585701-05:00" testType="13cdc9d9-ddb5-4fa4-a97d-d965ccfc6d4b" outcome="Passed" testListId="8c84fa94-04c1-424b-9868-57a2d4851a1d" relativeResultsDirectory="cbcaab0d-84cd-4413-b600-fd67d87de642" />
    <UnitTestResult executionId="d4ea33d7-568a-424b-a1c1-2e08fc0c101e" testId="80bc7554-0956-31c9-1199-9edddeb75e97" testName="With2Stream1HistTwoSidedEntryIdenticalIndex" computerName="NEBULOUS" duration="00:00:00.2533840" startTime="2026-04-11T08:21:33.9163499-05:00" endTime="2026-04-11T08:21:34.1697295-05:00" testType="13cdc9d9-ddb5-4fa4-a97d-d965ccfc6d4b" outcome="Passed" testListId="8c84fa94-04c1-424b-9868-57a2d4851a1d" relativeResultsDirectory="d4ea33d7-568a-424b-a1c1-2e08fc0c101e" />
    <UnitTestResult executionId="cb646910-963a-47a1-a9e6-d632a743f623" testId="b75961a2-ed75-fd90-8dab-3ea7f2255577" testName="With2JoinHistoricalOnlyIndependent" computerName="NEBULOUS" duration="00:00:00.5980590" startTime="2026-04-11T08:21:17.4778972-05:00" endTime="2026-04-11T08:21:18.0759458-05:00" testType="13cdc9d9-ddb5-4fa4-a97d-d965ccfc6d4b" outcome="Passed" testListId="8c84fa94-04c1-424b-9868-57a2d4851a1d" relativeResultsDirectory="cb646910-963a-47a1-a9e6-d632a743f623" />
    <UnitTestResult executionId="582de34c-c360-465b-b7c9-5b4e25267a1f" testId="536d43d5-07a9-21f5-13a7-e041a96aabd0" testName="With3Stream1HistStreamNWTwice" computerName="NEBULOUS" duration="00:00:00.3535650" startTime="2026-04-11T08:21:29.5825662-05:00" endTime="2026-04-11T08:21:29.9361255-05:00" testType="13cdc9d9-ddb5-4fa4-a97d-d965ccfc6d4b" outcome="Passed" testListId="8c84fa94-04c1-424b-9868-57a2d4851a1d" relativeResultsDirectory="582de34c-c360-465b-b7c9-5b4e25267a1f" />
    <UnitTestResult executionId="68f6bb87-c654-4932-a987-876182eaefb6" testId="32569e46-bc64-4124-f25f-211a40756900" testName="WithNoJoinIterateVariables" computerName="NEBULOUS" duration="00:00:00.5346860" startTime="2026-04-11T08:21:22.6578318-05:00" endTime="2026-04-11T08:21:23.1925080-05:00" testType="13cdc9d9-ddb5-4fa4-a97d-d965ccfc6d4b" outcome="Passed" testListId="8c84fa94-04c1-424b-9868-57a2d4851a1d" relativeResultsDirectory="68f6bb87-c654-4932-a987-876182eaefb6" />
    <UnitTestResult executionId="93de3443-e533-4199-9242-6326a2425e52" testId="ab301541-331f-edaa-60a7-de5c6cfa6a94" testName="With1Stream2HistStarSubordinateInner" computerName="NEBULOUS" duration="00:00:00.3989990" startTime="2026-04-11T08:21:30.8828291-05:00" endTime="2026-04-11T08:21:31.2818211-05:00" testType="13cdc9d9-ddb5-4fa4-a97d-d965ccfc6d4b" outcome="Passed" testListId="8c84fa94-04c1-424b-9868-57a2d4851a1d" relativeResultsDirectory="93de3443-e533-4199-9242-6326a2425e52" />
    <UnitTestResult executionId="1957bda9-6d91-428d-ba5c-65fdfa45dedd" testId="26c6f696-7ad9-ae8c-00cd-e1b93b069edf" testName="With1Stream3HistForwardSubordinate" computerName="NEBULOUS" duration="00:00:00.5035790" startTime="2026-04-11T08:21:26.9768552-05:00" endTime="2026-04-11T08:21:27.4804256-05:00" testType="13cdc9d9-ddb5-4fa4-a97d-d965ccfc6d4b" outcome="Passed" testListId="8c84fa94-04c1-424b-9868-57a2d4851a1d" relativeResultsDirectory="1957bda9-6d91-428d-ba5c-65fdfa45dedd" />
    <UnitTestResult executionId="5a1ede3f-241e-49bb-8086-87e5d743584a" testId="c6b96ba0-207e-626c-ee5b-5460165f1dfe" testName="WithJoinArray" computerName="NEBULOUS" duration="00:00:00.1101620" startTime="2026-04-11T08:21:34.4296315-05:00" endTime="2026-04-11T08:21:34.5397917-05:00" testType="13cdc9d9-ddb5-4fa4-a97d-d965ccfc6d4b" outcome="Passed" testListId="8c84fa94-04c1-424b-9868-57a2d4851a1d" relativeResultsDirectory="5a1ede3f-241e-49bb-8086-87e5d743584a" />
    <UnitTestResult executionId="eefb20f4-dd7b-47a1-9002-c9698f923414" testId="683c6fea-7ec6-854c-d72a-d866f1c4afb1" testName="With1Stream2HistOuterJoinPerformance" computerName="NEBULOUS" duration="00:00:00.3113430" startTime="2026-04-11T08:21:33.6049862-05:00" endTime="2026-04-11T08:21:33.9163236-05:00" testType="13cdc9d9-ddb5-4fa4-a97d-d965ccfc6d4b" outcome="Passed" testListId="8c84fa94-04c1-424b-9868-57a2d4851a1d" relativeResultsDirectory="eefb20f4-dd7b-47a1-9002-c9698f923414" />
    <UnitTestResult executionId="ea8d2c62-e7ac-49bc-9d4d-348a24536690" testId="c1baa4b0-29cb-2939-efa3-4f18533f3727" testName="WithArrayWithArg" computerName="NEBULOUS" duration="00:00:00.4300840" startTime="2026-04-11T08:21:19.6145494-05:00" endTime="2026-04-11T08:21:20.0446258-05:00" testType="13cdc9d9-ddb5-4fa4-a97d-d965ccfc6d4b" outcome="Passed" testListId="8c84fa94-04c1-424b-9868-57a2d4851a1d" relativeResultsDirectory="ea8d2c62-e7ac-49bc-9d4d-348a24536690" />
    <UnitTestResult executionId="9166ec51-6ca3-4e96-930d-babd9d592bb8" testId="2db123c2-5b49-a726-1db7-db3d2380c219" testName="WithArrayNoArg" computerName="NEBULOUS" duration="00:00:00.5120640" startTime="2026-04-11T08:21:19.1024715-05:00" endTime="2026-04-11T08:21:19.6145263-05:00" testType="13cdc9d9-ddb5-4fa4-a97d-d965ccfc6d4b" outcome="Passed" testListId="8c84fa94-04c1-424b-9868-57a2d4851a1d" relativeResultsDirectory="9166ec51-6ca3-4e96-930d-babd9d592bb8" />
    <UnitTestResult executionId="cbe81c22-81fb-4287-b6d7-6c1470eb827f" testId="d1c6e768-a914-91af-17c2-38befb1d8312" testName="WithUDFAndScriptReturningEvents" computerName="NEBULOUS" duration="00:00:00.5727890" startTime="2026-04-11T08:21:24.5070333-05:00" endTime="2026-04-11T08:21:25.0798127-05:00" testType="13cdc9d9-ddb5-4fa4-a97d-d965ccfc6d4b" outcome="Passed" testListId="8c84fa94-04c1-424b-9868-57a2d4851a1d" relativeResultsDirectory="cbe81c22-81fb-4287-b6d7-6c1470eb827f" />
    <UnitTestResult executionId="767a5b6c-bd51-49a8-8e56-b892fa5fa5b2" testId="ad0b13e4-3a88-37c3-03af-8bcbfa6c81ac" testName="With3Hist1Subordinate" computerName="NEBULOUS" duration="00:00:00.5220260" startTime="2026-04-11T08:21:28.1829071-05:00" endTime="2026-04-11T08:21:28.7049240-05:00" testType="13cdc9d9-ddb5-4fa4-a97d-d965ccfc6d4b" outcome="Passed" testListId="8c84fa94-04c1-424b-9868-57a2d4851a1d" relativeResultsDirectory="767a5b6c-bd51-49a8-8e56-b892fa5fa5b2" />
    <UnitTestResult executionId="e9d2c8fc-f79c-4360-9e2a-441130557a83" testId="f20a693d-32e8-6d8a-3f50-1be796059356" testName="With2JoinHistoricalOnlyDependent" computerName="NEBULOUS" duration="00:00:00.6010020" startTime="2026-04-11T08:21:16.8768793-05:00" endTime="2026-04-11T08:21:17.4778715-05:00" testType="13cdc9d9-ddb5-4fa4-a97d-d965ccfc6d4b" outcome="Passed" testListId="8c84fa94-04c1-424b-9868-57a2d4851a1d" relativeResultsDirectory="e9d2c8fc-f79c-4360-9e2a-441130557a83" />
    <UnitTestResult executionId="394cb30a-8062-48a9-b11c-6235075174a2" testId="d65e6d2f-2431-8411-5928-73cbe440db54" testName="With1Stream2HistStarSubordinateJoinedKeepall" computerName="NEBULOUS" duration="00:00:00.4626730" startTime="2026-04-11T08:21:26.1562309-05:00" endTime="2026-04-11T08:21:26.6188957-05:00" testType="13cdc9d9-ddb5-4fa4-a97d-d965ccfc6d4b" outcome="Passed" testListId="8c84fa94-04c1-424b-9868-57a2d4851a1d" relativeResultsDirectory="394cb30a-8062-48a9-b11c-6235075174a2" />
    <UnitTestResult executionId="4eb46322-15a3-4277-80a8-636624111c95" testId="fc83dce9-c52d-dade-2845-f1043824c5df" testName="WithJoinTwoField" computerName="NEBULOUS" duration="00:00:00.1830160" startTime="2026-04-11T08:21:34.7341477-05:00" endTime="2026-04-11T08:21:34.9171599-05:00" testType="13cdc9d9-ddb5-4fa4-a97d-d965ccfc6d4b" outcome="Passed" testListId="8c84fa94-04c1-424b-9868-57a2d4851a1d" relativeResultsDirectory="4eb46322-15a3-4277-80a8-636624111c95" />
    <UnitTestResult executionId="18665d86-f801-40d8-930f-d8a94a392011" testId="aed80b4e-d377-36e7-b00d-c4539feb4b40" testName="With1Stream3HistChainSubordinate" computerName="NEBULOUS" duration="00:00:00.3579190" startTime="2026-04-11T08:21:26.6189178-05:00" endTime="2026-04-11T08:21:26.9768302-05:00" testType="13cdc9d9-ddb5-4fa4-a97d-d965ccfc6d4b" outcome="Passed" testListId="8c84fa94-04c1-424b-9868-57a2d4851a1d" relativeResultsDirectory="18665d86-f801-40d8-930f-d8a94a392011" />
    <UnitTestResult executionId="7e20f48e-c0e3-4d6d-962b-ede070607dbb" testId="a89b3ac3-3fe2-22a6-e66f-947f1ba44151" testName="WithObjectWithArg" computerName="NEBULOUS" duration="00:00:00.1980460" startTime="2026-04-11T08:21:23.3777349-05:00" endTime="2026-04-11T08:21:23.5757768-05:00" testType="13cdc9d9-ddb5-4fa4-a97d-d965ccfc6d4b" outcome="Passed" testListId="8c84fa94-04c1-424b-9868-57a2d4851a1d" relativeResultsDirectory="7e20f48e-c0e3-4d6d-962b-ede070607dbb" />
    <UnitTestResult executionId="8ce3afa6-d229-458a-9c39-a3dfd1465671" testId="ef2d4ad6-c179-6a19-0ab8-c91a9d2be0e2" testName="WithInvalid" computerName="NEBULOUS" duration="00:00:00.2595779" startTime="2026-04-11T08:21:22.2177966-05:00" endTime="2026-04-11T08:21:22.4773695-05:00" testType="13cdc9d9-ddb5-4fa4-a97d-d965ccfc6d4b" outcome="Passed" testListId="8c84fa94-04c1-424b-9868-57a2d4851a1d" relativeResultsDirectory="8ce3afa6-d229-458a-9c39-a3dfd1465671" />
    <UnitTestResult executionId="4a051deb-e496-4c75-a682-a536a019e721" testId="de3ab5c8-739b-b324-a84b-73fae8adc61d" testName="WithStreamNameWContext" computerName="NEBULOUS" duration="00:00:00.2484280" startTime="2026-04-11T08:21:24.2585897-05:00" endTime="2026-04-11T08:21:24.5070127-05:00" testType="13cdc9d9-ddb5-4fa4-a97d-d965ccfc6d4b" outcome="Passed" testListId="8c84fa94-04c1-424b-9868-57a2d4851a1d" relativeResultsDirectory="4a051deb-e496-4c75-a682-a536a019e721" />
    <UnitTestResult executionId="eae5cc43-71af-4965-96cc-19bc7fb90c88" testId="b1455963-af0a-85a3-8ba7-5424d797542a" testName="With2JoinHistoricalSubordinateOuterMultiField" computerName="NEBULOUS" duration="00:00:00.2514680" startTime="2026-04-11T08:21:18.5878748-05:00" endTime="2026-04-11T08:21:18.8393385-05:00" testType="13cdc9d9-ddb5-4fa4-a97d-d965ccfc6d4b" outcome="Passed" testListId="8c84fa94-04c1-424b-9868-57a2d4851a1d" relativeResultsDirectory="eae5cc43-71af-4965-96cc-19bc7fb90c88" />
    <UnitTestResult executionId="b36e1416-68c9-4fcc-8bae-c33f36cf550a" testId="55ef2e15-5279-e3cf-5fbe-3d8d63ad708b" testName="WithContextVariable" computerName="NEBULOUS" duration="00:00:00.3666570" startTime="2026-04-11T08:21:35.4519662-05:00" endTime="2026-04-11T08:21:35.8186166-05:00" testType="13cdc9d9-ddb5-4fa4-a97d-d965ccfc6d4b" outcome="Passed" testListId="8c84fa94-04c1-424b-9868-57a2d4851a1d" relativeResultsDirectory="b36e1416-68c9-4fcc-8bae-c33f36cf550a" />
    <UnitTestResult executionId="a01fed3f-e282-4a81-94b7-cabdb9b17de0" testId="889374d7-93fa-aaf2-13e6-37c84c5ab04d" testName="WithParameterizedByArray" computerName="NEBULOUS" duration="00:00:00.1435529" startTime="2026-04-11T08:21:34.9171827-05:00" endTime="2026-04-11T08:21:35.0607325-05:00" testType="13cdc9d9-ddb5-4fa4-a97d-d965ccfc6d4b" outcome="Passed" testListId="8c84fa94-04c1-424b-9868-57a2d4851a1d" relativeResultsDirectory="a01fed3f-e282-4a81-94b7-cabdb9b17de0" />
    <UnitTestResult executionId="e50c057c-ef1c-4c3b-ac44-4407fa7666ba" testId="a2713af6-bece-13ab-789e-442eefd9f982" testName="With2StreamMaxAggregation" computerName="NEBULOUS" duration="00:00:00.2630880" startTime="2026-04-11T08:21:18.8393624-05:00" endTime="2026-04-11T08:21:19.1024455-05:00" testType="13cdc9d9-ddb5-4fa4-a97d-d965ccfc6d4b" outcome="Passed" testListId="8c84fa94-04c1-424b-9868-57a2d4851a1d" relativeResultsDirectory="e50c057c-ef1c-4c3b-ac44-4407fa7666ba" />
    <UnitTestResult executionId="407a0608-3da8-405c-bc3a-d8cc86bd3ecc" testId="1b296746-8229-8124-70b9-b1c327716f37" testName="WithWithMethodResultParam" computerName="NEBULOUS" duration="00:00:00.2616480" startTime="2026-04-11T08:21:25.0798309-05:00" endTime="2026-04-11T08:21:25.3414737-05:00" testType="13cdc9d9-ddb5-4fa4-a97d-d965ccfc6d4b" outcome="Passed" testListId="8c84fa94-04c1-424b-9868-57a2d4851a1d" relativeResultsDirectory="407a0608-3da8-405c-bc3a-d8cc86bd3ecc" />
    <UnitTestResult executionId="12396694-7cbe-4383-8710-38d6a272ee29" testId="aecd6939-ea2d-b57e-66bd-32403ac94916" testName="TestEPLFromClauseMethodCacheLRU" computerName="NEBULOUS" duration="00:00:00.1761670" startTime="2026-04-11T08:21:33.1093822-05:00" endTime="2026-04-11T08:21:33.2855455-05:00" testType="13cdc9d9-ddb5-4fa4-a97d-d965ccfc6d4b" outcome="Passed" testListId="8c84fa94-04c1-424b-9868-57a2d4851a1d" relativeResultsDirectory="12396694-7cbe-4383-8710-38d6a272ee29" />
    <UnitTestResult executionId="84c77584-2f31-4192-a2a9-d9296180aca4" testId="ecb13a3e-c370-6d1a-abef-8d68e5f3bdd4" testName="With1Stream3HistStarSubordinateCartesianLast" computerName="NEBULOUS" duration="00:00:00.4236270" startTime="2026-04-11T08:21:27.4804479-05:00" endTime="2026-04-11T08:21:27.9040675-05:00" testType="13cdc9d9-ddb5-4fa4-a97d-d965ccfc6d4b" outcome="Passed" testListId="8c84fa94-04c1-424b-9868-57a2d4851a1d" relativeResultsDirectory="84c77584-2f31-4192-a2a9-d9296180aca4" />
    <UnitTestResult executionId="22e2cf5b-81bf-4e91-88cf-2a83c3c24682" testId="aed42aef-3e6c-79ae-5057-9df09b27aac3" testName="With1Stream2HistForwardSubordinate" computerName="NEBULOUS" duration="00:00:00.2656070" startTime="2026-04-11T08:21:30.2248430-05:00" endTime="2026-04-11T08:21:30.4904455-05:00" testType="13cdc9d9-ddb5-4fa4-a97d-d965ccfc6d4b" outcome="Passed" testListId="8c84fa94-04c1-424b-9868-57a2d4851a1d" relativeResultsDirectory="22e2cf5b-81bf-4e91-88cf-2a83c3c24682" />
    <UnitTestResult executionId="da570450-a8d4-44ea-b1b7-a62261281034" testId="1d0c8372-b310-842b-b901-fe947757f79f" testName="WithEventBeanArray" computerName="NEBULOUS" duration="00:00:00.6100160" startTime="2026-04-11T08:21:21.6077678-05:00" endTime="2026-04-11T08:21:22.2177736-05:00" testType="13cdc9d9-ddb5-4fa4-a97d-d965ccfc6d4b" outcome="Passed" testListId="8c84fa94-04c1-424b-9868-57a2d4851a1d" relativeResultsDirectory="da570450-a8d4-44ea-b1b7-a62261281034" />
    <UnitTestResult executionId="53cf61e5-e01d-4655-9e21-6037ade7888a" testId="602c80e8-0719-3cde-011c-55a50fb7c731" testName="With1Stream2HistForwardSubordinate" computerName="NEBULOUS" duration="00:00:00.4492720" startTime="2026-04-11T08:21:25.3422019-05:00" endTime="2026-04-11T08:21:25.7914664-05:00" testType="13cdc9d9-ddb5-4fa4-a97d-d965ccfc6d4b" outcome="Passed" testListId="8c84fa94-04c1-424b-9868-57a2d4851a1d" relativeResultsDirectory="53cf61e5-e01d-4655-9e21-6037ade7888a" />
    <UnitTestResult executionId="0059d74c-e95c-43ea-8d52-04975cd21750" testId="95b1ec09-7484-b84e-8e39-aa645d62aae0" testName="With1Stream2HistStarNoSubordinateLeftRight" computerName="NEBULOUS" duration="00:00:00.3923520" startTime="2026-04-11T08:21:30.4904660-05:00" endTime="2026-04-11T08:21:30.8828110-05:00" testType="13cdc9d9-ddb5-4fa4-a97d-d965ccfc6d4b" outcome="Passed" testListId="8c84fa94-04c1-424b-9868-57a2d4851a1d" relativeResultsDirectory="0059d74c-e95c-43ea-8d52-04975cd21750" />
    <UnitTestResult executionId="28512b9b-98cb-4013-8ec4-06d15fdddc08" testId="0b727cc8-656b-3bc0-8a60-0afc847f68ff" testName="With1Stream3HistForwardSubordinate" computerName="NEBULOUS" duration="00:00:00.3505140" startTime="2026-04-11T08:21:31.8626803-05:00" endTime="2026-04-11T08:21:32.2131886-05:00" testType="13cdc9d9-ddb5-4fa4-a97d-d965ccfc6d4b" outcome="Passed" testListId="8c84fa94-04c1-424b-9868-57a2d4851a1d" relativeResultsDirectory="28512b9b-98cb-4013-8ec4-06d15fdddc08" />
    <UnitTestResult executionId="c3060b3d-14f1-41a9-a9c0-fcd6aaa5c54e" testId="a33bb8a2-61b7-0ee8-2d50-1c47864a0278" testName="WithObjectNoArg" computerName="NEBULOUS" duration="00:00:00.1851870" startTime="2026-04-11T08:21:23.1925304-05:00" endTime="2026-04-11T08:21:23.3777141-05:00" testType="13cdc9d9-ddb5-4fa4-a97d-d965ccfc6d4b" outcome="Passed" testListId="8c84fa94-04c1-424b-9868-57a2d4851a1d" relativeResultsDirectory="c3060b3d-14f1-41a9-a9c0-fcd6aaa5c54e" />
    <UnitTestResult executionId="d0bb1881-0aee-48d6-b91d-ea07ee17749b" testId="8ff14f40-67d9-7efb-aa8b-f87c6d768cc9" testName="With2Stream2HistStarSubordinate" computerName="NEBULOUS" duration="00:00:00.2788050" startTime="2026-04-11T08:21:27.9040876-05:00" endTime="2026-04-11T08:21:28.1828877-05:00" testType="13cdc9d9-ddb5-4fa4-a97d-d965ccfc6d4b" outcome="Passed" testListId="8c84fa94-04c1-424b-9868-57a2d4851a1d" relativeResultsDirectory="d0bb1881-0aee-48d6-b91d-ea07ee17749b" />
    <UnitTestResult executionId="1ff16256-bbfa-423a-ab33-ff11e0afec6d" testId="53c3dc8d-6f36-3dee-d6cc-bd6805d9a260" testName="With1Stream3HistForwardSubordinateChain" computerName="NEBULOUS" duration="00:00:00.2843750" startTime="2026-04-11T08:21:32.2132087-05:00" endTime="2026-04-11T08:21:32.4975789-05:00" testType="13cdc9d9-ddb5-4fa4-a97d-d965ccfc6d4b" outcome="Passed" testListId="8c84fa94-04c1-424b-9868-57a2d4851a1d" relativeResultsDirectory="1ff16256-bbfa-423a-ab33-ff11e0afec6d" />
    <UnitTestResult executionId="7aedbfe5-abd3-450c-bace-60bb9c8416a2" testId="bc6651bc-13ce-5c99-a3fe-95dd08c59e75" testName="WithDifferentReturnTypes" computerName="NEBULOUS" duration="00:00:01.5631100" startTime="2026-04-11T08:21:20.0446572-05:00" endTime="2026-04-11T08:21:21.6077415-05:00" testType="13cdc9d9-ddb5-4fa4-a97d-d965ccfc6d4b" outcome="Passed" testListId="8c84fa94-04c1-424b-9868-57a2d4851a1d" relativeResultsDirectory="7aedbfe5-abd3-450c-bace-60bb9c8416a2" />
    <UnitTestResult executionId="08aac042-e587-4adb-8b27-a9868ab68d6c" testId="cb58eba5-63e4-8211-56f2-a714037c8d74" testName="WithJoinComposite" computerName="NEBULOUS" duration="00:00:00.1943220" startTime="2026-04-11T08:21:34.5398110-05:00" endTime="2026-04-11T08:21:34.7341291-05:00" testType="13cdc9d9-ddb5-4fa4-a97d-d965ccfc6d4b" outcome="Passed" testListId="8c84fa94-04c1-424b-9868-57a2d4851a1d" relativeResultsDirectory="08aac042-e587-4adb-8b27-a9868ab68d6c" />
  </Results>
  <TestDefinitions>
    <UnitTest name="With1Stream2HistOuterJoinPerformance" storage="d:\src\espertech\nesper-8.9.x\tst\nesper.regression.runner\bin\debug\net9.0\nesper.regression.runner.dll" id="683c6fea-7ec6-854c-d72a-d866f1c4afb1">
      <Execution id="eefb20f4-dd7b-47a1-9002-c9698f923414" />
      <TestMethod codeBase="D:\src\Espertech\NEsper-8.9.x\tst\NEsper.Regression.Runner\bin\Debug\net9.0\NEsper.Regression.Runner.dll" adapterTypeName="executor://nunit3testexecutor/" className="com.espertech.esper.regressionrun.suite.epl.TestSuiteEPLFromClauseMethodWConfig+TestEPLFromClauseMethodJoinPerformance" name="With1Stream2HistOuterJoinPerformance" />
    </UnitTest>
    <UnitTest name="WithEventBeanArray" storage="d:\src\espertech\nesper-8.9.x\tst\nesper.regression.runner\bin\debug\net9.0\nesper.regression.runner.dll" id="1d0c8372-b310-842b-b901-fe947757f79f">
      <Execution id="da570450-a8d4-44ea-b1b7-a62261281034" />
      <TestMethod codeBase="D:\src\Espertech\NEsper-8.9.x\tst\NEsper.Regression.Runner\bin\Debug\net9.0\NEsper.Regression.Runner.dll" adapterTypeName="executor://nunit3testexecutor/" className="com.espertech.esper.regressionrun.suite.epl.TestSuiteEPLFromClauseMethod+TestEPLFromClauseMethod" name="WithEventBeanArray" />
    </UnitTest>
    <UnitTest name="WithInvalid" storage="d:\src\espertech\nesper-8.9.x\tst\nesper.regression.runner\bin\debug\net9.0\nesper.regression.runner.dll" id="671ef0be-bfbc-27c0-90c3-03a92d951550">
      <Execution id="fb8a3766-baed-4310-9d32-eb7538b156e4" />
      <TestMethod codeBase="D:\src\Espertech\NEsper-8.9.x\tst\NEsper.Regression.Runner\bin\Debug\net9.0\NEsper.Regression.Runner.dll" adapterTypeName="executor://nunit3testexecutor/" className="com.espertech.esper.regressionrun.suite.epl.TestSuiteEPLFromClauseMethod+TestEPLFromClauseMethodOuterNStream" name="WithInvalid" />
    </UnitTest>
    <UnitTest name="With2JoinHistoricalOnlyIndependent" storage="d:\src\espertech\nesper-8.9.x\tst\nesper.regression.runner\bin\debug\net9.0\nesper.regression.runner.dll" id="b75961a2-ed75-fd90-8dab-3ea7f2255577">
      <Execution id="cb646910-963a-47a1-a9e6-d632a743f623" />
      <TestMethod codeBase="D:\src\Espertech\NEsper-8.9.x\tst\NEsper.Regression.Runner\bin\Debug\net9.0\NEsper.Regression.Runner.dll" adapterTypeName="executor://nunit3testexecutor/" className="com.espertech.esper.regressionrun.suite.epl.TestSuiteEPLFromClauseMethod+TestEPLFromClauseMethod" name="With2JoinHistoricalOnlyIndependent" />
    </UnitTest>
    <UnitTest name="WithJoinComposite" storage="d:\src\espertech\nesper-8.9.x\tst\nesper.regression.runner\bin\debug\net9.0\nesper.regression.runner.dll" id="cb58eba5-63e4-8211-56f2-a714037c8d74">
      <Execution id="08aac042-e587-4adb-8b27-a9868ab68d6c" />
      <TestMethod codeBase="D:\src\Espertech\NEsper-8.9.x\tst\NEsper.Regression.Runner\bin\Debug\net9.0\NEsper.Regression.Runner.dll" adapterTypeName="executor://nunit3testexecutor/" className="com.espertech.esper.regressionrun.suite.epl.TestSuiteEPLFromClauseMethodWConfig+TestEPLFromClauseMethodMultikeyWArray" name="WithJoinComposite" />
    </UnitTest>
    <UnitTest name="With1Stream3HistForwardSubordinateChain" storage="d:\src\espertech\nesper-8.9.x\tst\nesper.regression.runner\bin\debug\net9.0\nesper.regression.runner.dll" id="53c3dc8d-6f36-3dee-d6cc-bd6805d9a260">
      <Execution id="1ff16256-bbfa-423a-ab33-ff11e0afec6d" />
      <TestMethod codeBase="D:\src\Espertech\NEsper-8.9.x\tst\NEsper.Regression.Runner\bin\Debug\net9.0\NEsper.Regression.Runner.dll" adapterTypeName="executor://nunit3testexecutor/" className="com.espertech.esper.regressionrun.suite.epl.TestSuiteEPLFromClauseMethod+TestEPLFromClauseMethodOuterNStream" name="With1Stream3HistForwardSubordinateChain" />
    </UnitTest>
    <UnitTest name="With2Stream1HistStarSubordinateLeftRight" storage="d:\src\espertech\nesper-8.9.x\tst\nesper.regression.runner\bin\debug\net9.0\nesper.regression.runner.dll" id="a60dbf7c-0656-d59e-c4ab-1cf06eeab346">
      <Execution id="8bfbc053-a9c4-4bb6-a43a-6109137c34d2" />
      <TestMethod codeBase="D:\src\Espertech\NEsper-8.9.x\tst\NEsper.Regression.Runner\bin\Debug\net9.0\NEsper.Regression.Runner.dll" adapterTypeName="executor://nunit3testexecutor/" className="com.espertech.esper.regressionrun.suite.epl.TestSuiteEPLFromClauseMethod+TestEPLFromClauseMethodOuterNStream" name="With2Stream1HistStarSubordinateLeftRight" />
    </UnitTest>
    <UnitTest name="TestEPLFromClauseMethodCacheExpiry" storage="d:\src\espertech\nesper-8.9.x\tst\nesper.regression.runner\bin\debug\net9.0\nesper.regression.runner.dll" id="57098130-5f93-86ad-547e-8afc2fcc1c2b">
      <Execution id="fc7d2513-5be0-479a-9ad9-82a8fd1cbc56" />
      <TestMethod codeBase="D:\src\Espertech\NEsper-8.9.x\tst\NEsper.Regression.Runner\bin\Debug\net9.0\NEsper.Regression.Runner.dll" adapterTypeName="executor://nunit3testexecutor/" className="com.espertech.esper.regressionrun.suite.epl.TestSuiteEPLFromClauseMethodWConfig" name="TestEPLFromClauseMethodCacheExpiry" />
    </UnitTest>
    <UnitTest name="WithDifferentReturnTypes" storage="d:\src\espertech\nesper-8.9.x\tst\nesper.regression.runner\bin\debug\net9.0\nesper.regression.runner.dll" id="bc6651bc-13ce-5c99-a3fe-95dd08c59e75">
      <Execution id="7aedbfe5-abd3-450c-bace-60bb9c8416a2" />
      <TestMethod codeBase="D:\src\Espertech\NEsper-8.9.x\tst\NEsper.Regression.Runner\bin\Debug\net9.0\NEsper.Regression.Runner.dll" adapterTypeName="executor://nunit3testexecutor/" className="com.espertech.esper.regressionrun.suite.epl.TestSuiteEPLFromClauseMethod+TestEPLFromClauseMethod" name="WithDifferentReturnTypes" />
    </UnitTest>
    <UnitTest name="WithJoinTwoField" storage="d:\src\espertech\nesper-8.9.x\tst\nesper.regression.runner\bin\debug\net9.0\nesper.regression.runner.dll" id="fc83dce9-c52d-dade-2845-f1043824c5df">
      <Execution id="4eb46322-15a3-4277-80a8-636624111c95" />
      <TestMethod codeBase="D:\src\Espertech\NEsper-8.9.x\tst\NEsper.Regression.Runner\bin\Debug\net9.0\NEsper.Regression.Runner.dll" adapterTypeName="executor://nunit3testexecutor/" className="com.espertech.esper.regressionrun.suite.epl.TestSuiteEPLFromClauseMethodWConfig+TestEPLFromClauseMethodMultikeyWArray" name="WithJoinTwoField" />
    </UnitTest>
    <UnitTest name="With1Stream3HistForwardSubordinate" storage="d:\src\espertech\nesper-8.9.x\tst\nesper.regression.runner\bin\debug\net9.0\nesper.regression.runner.dll" id="26c6f696-7ad9-ae8c-00cd-e1b93b069edf">
      <Execution id="1957bda9-6d91-428d-ba5c-65fdfa45dedd" />
      <TestMethod codeBase="D:\src\Espertech\NEsper-8.9.x\tst\NEsper.Regression.Runner\bin\Debug\net9.0\NEsper.Regression.Runner.dll" adapterTypeName="executor://nunit3testexecutor/" className="com.espertech.esper.regressionrun.suite.epl.TestSuiteEPLFromClauseMethod+TestEPLFromClauseMethodNStream" name="With1Stream3HistForwardSubordinate" />
    </UnitTest>
    <UnitTest name="With1Stream3HistForwardSubordinate" storage="d:\src\espertech\nesper-8.9.x\tst\nesper.regression.runner\bin\debug\net9.0\nesper.regression.runner.dll" id="0b727cc8-656b-3bc0-8a60-0afc847f68ff">
      <Execution id="28512b9b-98cb-4013-8ec4-06d15fdddc08" />
      <TestMethod codeBase="D:\src\Espertech\NEsper-8.9.x\tst\NEsper.Regression.Runner\bin\Debug\net9.0\NEsper.Regression.Runner.dll" adapterTypeName="executor://nunit3testexecutor/" className="com.espertech.esper.regressionrun.suite.epl.TestSuiteEPLFromClauseMethod+TestEPLFromClauseMethodOuterNStream" name="With1Stream3HistForwardSubordinate" />
    </UnitTest>
    <UnitTest name="With3HistPureNoSubordinate" storage="d:\src\espertech\nesper-8.9.x\tst\nesper.regression.runner\bin\debug\net9.0\nesper.regression.runner.dll" id="b420fcf1-f521-9350-9401-f000af33d434">
      <Execution id="dbf3c53f-6f6a-4ae9-a877-3f8c791e6b70" />
      <TestMethod codeBase="D:\src\Espertech\NEsper-8.9.x\tst\NEsper.Regression.Runner\bin\Debug\net9.0\NEsper.Regression.Runner.dll" adapterTypeName="executor://nunit3testexecutor/" className="com.espertech.esper.regressionrun.suite.epl.TestSuiteEPLFromClauseMethod+TestEPLFromClauseMethodNStream" name="With3HistPureNoSubordinate" />
    </UnitTest>
    <UnitTest name="WithJoinArray" storage="d:\src\espertech\nesper-8.9.x\tst\nesper.regression.runner\bin\debug\net9.0\nesper.regression.runner.dll" id="c6b96ba0-207e-626c-ee5b-5460165f1dfe">
      <Execution id="5a1ede3f-241e-49bb-8086-87e5d743584a" />
      <TestMethod codeBase="D:\src\Espertech\NEsper-8.9.x\tst\NEsper.Regression.Runner\bin\Debug\net9.0\NEsper.Regression.Runner.dll" adapterTypeName="executor://nunit3testexecutor/" className="com.espertech.esper.regressionrun.suite.epl.TestSuiteEPLFromClauseMethodWConfig+TestEPLFromClauseMethodMultikeyWArray" name="WithJoinArray" />
    </UnitTest>
    <UnitTest name="With1Stream2HistInnerJoinPerformance" storage="d:\src\espertech\nesper-8.9.x\tst\nesper.regression.runner\bin\debug\net9.0\nesper.regression.runner.dll" id="d33a42fd-e83c-efc9-fe80-b8969837d247">
      <Execution id="03557799-95d0-436e-b9e7-272db1e94ab2" />
      <TestMethod codeBase="D:\src\Espertech\NEsper-8.9.x\tst\NEsper.Regression.Runner\bin\Debug\net9.0\NEsper.Regression.Runner.dll" adapterTypeName="executor://nunit3testexecutor/" className="com.espertech.esper.regressionrun.suite.epl.TestSuiteEPLFromClauseMethodWConfig+TestEPLFromClauseMethodJoinPerformance" name="With1Stream2HistInnerJoinPerformance" />
    </UnitTest>
    <UnitTest name="TestEPLFromClauseMethodCacheLRU" storage="d:\src\espertech\nesper-8.9.x\tst\nesper.regression.runner\bin\debug\net9.0\nesper.regression.runner.dll" id="aecd6939-ea2d-b57e-66bd-32403ac94916">
      <Execution id="12396694-7cbe-4383-8710-38d6a272ee29" />
      <TestMethod codeBase="D:\src\Espertech\NEsper-8.9.x\tst\NEsper.Regression.Runner\bin\Debug\net9.0\NEsper.Regression.Runner.dll" adapterTypeName="executor://nunit3testexecutor/" className="com.espertech.esper.regressionrun.suite.epl.TestSuiteEPLFromClauseMethodWConfig" name="TestEPLFromClauseMethodCacheLRU" />
    </UnitTest>
    <UnitTest name="With1Stream2HistForwardSubordinate" storage="d:\src\espertech\nesper-8.9.x\tst\nesper.regression.runner\bin\debug\net9.0\nesper.regression.runner.dll" id="602c80e8-0719-3cde-011c-55a50fb7c731">
      <Execution id="53cf61e5-e01d-4655-9e21-6037ade7888a" />
      <TestMethod codeBase="D:\src\Espertech\NEsper-8.9.x\tst\NEsper.Regression.Runner\bin\Debug\net9.0\NEsper.Regression.Runner.dll" adapterTypeName="executor://nunit3testexecutor/" className="com.espertech.esper.regressionrun.suite.epl.TestSuiteEPLFromClauseMethod+TestEPLFromClauseMethodNStream" name="With1Stream2HistForwardSubordinate" />
    </UnitTest>
    <UnitTest name="With3Stream1HistStreamNWTwice" storage="d:\src\espertech\nesper-8.9.x\tst\nesper.regression.runner\bin\debug\net9.0\nesper.regression.runner.dll" id="536d43d5-07a9-21f5-13a7-e041a96aabd0">
      <Execution id="582de34c-c360-465b-b7c9-5b4e25267a1f" />
      <TestMethod codeBase="D:\src\Espertech\NEsper-8.9.x\tst\NEsper.Regression.Runner\bin\Debug\net9.0\NEsper.Regression.Runner.dll" adapterTypeName="executor://nunit3testexecutor/" className="com.espertech.esper.regressionrun.suite.epl.TestSuiteEPLFromClauseMethod+TestEPLFromClauseMethodNStream" name="With3Stream1HistStreamNWTwice" />
    </UnitTest>
    <UnitTest name="WithOverloaded" storage="d:\src\espertech\nesper-8.9.x\tst\nesper.regression.runner\bin\debug\net9.0\nesper.regression.runner.dll" id="a7277fbb-a9f3-e6ea-eccb-c00f4c75e57c">
      <Execution id="cbcaab0d-84cd-4413-b600-fd67d87de642" />
      <TestMethod codeBase="D:\src\Espertech\NEsper-8.9.x\tst\NEsper.Regression.Runner\bin\Debug\net9.0\NEsper.Regression.Runner.dll" adapterTypeName="executor://nunit3testexecutor/" className="com.espertech.esper.regressionrun.suite.epl.TestSuiteEPLFromClauseMethod+TestEPLFromClauseMethod" name="WithOverloaded" />
    </UnitTest>
    <UnitTest name="With1Stream2HistForwardSubordinate" storage="d:\src\espertech\nesper-8.9.x\tst\nesper.regression.runner\bin\debug\net9.0\nesper.regression.runner.dll" id="aed42aef-3e6c-79ae-5057-9df09b27aac3">
      <Execution id="22e2cf5b-81bf-4e91-88cf-2a83c3c24682" />
      <TestMethod codeBase="D:\src\Espertech\NEsper-8.9.x\tst\NEsper.Regression.Runner\bin\Debug\net9.0\NEsper.Regression.Runner.dll" adapterTypeName="executor://nunit3testexecutor/" className="com.espertech.esper.regressionrun.suite.epl.TestSuiteEPLFromClauseMethod+TestEPLFromClauseMethodOuterNStream" name="With1Stream2HistForwardSubordinate" />
    </UnitTest>
    <UnitTest name="With2Stream1HistTwoSidedEntryMixedIndex" storage="d:\src\espertech\nesper-8.9.x\tst\nesper.regression.runner\bin\debug\net9.0\nesper.regression.runner.dll" id="5fbebd37-a183-382c-349c-0df2b00a91a8">
      <Execution id="2f413a47-5dce-4392-9921-9c3f1767ae25" />
      <TestMethod codeBase="D:\src\Espertech\NEsper-8.9.x\tst\NEsper.Regression.Runner\bin\Debug\net9.0\NEsper.Regression.Runner.dll" adapterTypeName="executor://nunit3testexecutor/" className="com.espertech.esper.regressionrun.suite.epl.TestSuiteEPLFromClauseMethodWConfig+TestEPLFromClauseMethodJoinPerformance" name="With2Stream1HistTwoSidedEntryMixedIndex" />
    </UnitTest>
    <UnitTest name="WithArrayNoArg" storage="d:\src\espertech\nesper-8.9.x\tst\nesper.regression.runner\bin\debug\net9.0\nesper.regression.runner.dll" id="2db123c2-5b49-a726-1db7-db3d2380c219">
      <Execution id="9166ec51-6ca3-4e96-930d-babd9d592bb8" />
      <TestMethod codeBase="D:\src\Espertech\NEsper-8.9.x\tst\NEsper.Regression.Runner\bin\Debug\net9.0\NEsper.Regression.Runner.dll" adapterTypeName="executor://nunit3testexecutor/" className="com.espertech.esper.regressionrun.suite.epl.TestSuiteEPLFromClauseMethod+TestEPLFromClauseMethod" name="WithArrayNoArg" />
    </UnitTest>
    <UnitTest name="WithContextVariable" storage="d:\src\espertech\nesper-8.9.x\tst\nesper.regression.runner\bin\debug\net9.0\nesper.regression.runner.dll" id="55ef2e15-5279-e3cf-5fbe-3d8d63ad708b">
      <Execution id="b36e1416-68c9-4fcc-8bae-c33f36cf550a" />
      <TestMethod codeBase="D:\src\Espertech\NEsper-8.9.x\tst\NEsper.Regression.Runner\bin\Debug\net9.0\NEsper.Regression.Runner.dll" adapterTypeName="executor://nunit3testexecutor/" className="com.espertech.esper.regressionrun.suite.epl.TestSuiteEPLFromClauseMethodWConfig+TestEPLFromClauseMethodVariable" name="WithContextVariable" />
    </UnitTest>
    <UnitTest name="With2JoinEventItselfProvidesMethod" storage="d:\src\espertech\nesper-8.9.x\tst\nesper.regression.runner\bin\debug\net9.0\nesper.regression.runner.dll" id="00c7fbfc-3786-7e7f-fba5-854aa27989d5">
      <Execution id="50e5e789-979e-4249-acef-ddbf8f0786ef" />
      <TestMethod codeBase="D:\src\Espertech\NEsper-8.9.x\tst\NEsper.Regression.Runner\bin\Debug\net9.0\NEsper.Regression.Runner.dll" adapterTypeName="executor://nunit3testexecutor/" className="com.espertech.esper.regressionrun.suite.epl.TestSuiteEPLFromClauseMethod+TestEPLFromClauseMethod" name="With2JoinEventItselfProvidesMethod" />
    </UnitTest>
    <UnitTest name="WithInvalid" storage="d:\src\espertech\nesper-8.9.x\tst\nesper.regression.runner\bin\debug\net9.0\nesper.regression.runner.dll" id="ef2d4ad6-c179-6a19-0ab8-c91a9d2be0e2">
      <Execution id="8ce3afa6-d229-458a-9c39-a3dfd1465671" />
      <TestMethod codeBase="D:\src\Espertech\NEsper-8.9.x\tst\NEsper.Regression.Runner\bin\Debug\net9.0\NEsper.Regression.Runner.dll" adapterTypeName="executor://nunit3testexecutor/" className="com.espertech.esper.regressionrun.suite.epl.TestSuiteEPLFromClauseMethod+TestEPLFromClauseMethod" name="WithInvalid" />
    </UnitTest>
    <UnitTest name="WithObjectNoArg" storage="d:\src\espertech\nesper-8.9.x\tst\nesper.regression.runner\bin\debug\net9.0\nesper.regression.runner.dll" id="a33bb8a2-61b7-0ee8-2d50-1c47864a0278">
      <Execution id="c3060b3d-14f1-41a9-a9c0-fcd6aaa5c54e" />
      <TestMethod codeBase="D:\src\Espertech\NEsper-8.9.x\tst\NEsper.Regression.Runner\bin\Debug\net9.0\NEsper.Regression.Runner.dll" adapterTypeName="executor://nunit3testexecutor/" className="com.espertech.esper.regressionrun.suite.epl.TestSuiteEPLFromClauseMethod+TestEPLFromClauseMethod" name="WithObjectNoArg" />
    </UnitTest>
    <UnitTest name="WithConstantVariable" storage="d:\src\espertech\nesper-8.9.x\tst\nesper.regression.runner\bin\debug\net9.0\nesper.regression.runner.dll" id="c03d7f3c-8903-8ba0-49a4-c4e23c4cc563">
      <Execution id="309ebc78-5395-47b3-ac5d-9fffd2185e42" />
      <TestMethod codeBase="D:\src\Espertech\NEsper-8.9.x\tst\NEsper.Regression.Runner\bin\Debug\net9.0\NEsper.Regression.Runner.dll" adapterTypeName="executor://nunit3testexecutor/" className="com.espertech.esper.regressionrun.suite.epl.TestSuiteEPLFromClauseMethodWConfig+TestEPLFromClauseMethodVariable" name="WithConstantVariable" />
    </UnitTest>
    <UnitTest name="With2JoinHistoricalSubordinateOuterMultiField" storage="d:\src\espertech\nesper-8.9.x\tst\nesper.regression.runner\bin\debug\net9.0\nesper.regression.runner.dll" id="b1455963-af0a-85a3-8ba7-5424d797542a">
      <Execution id="eae5cc43-71af-4965-96cc-19bc7fb90c88" />
      <TestMethod codeBase="D:\src\Espertech\NEsper-8.9.x\tst\NEsper.Regression.Runner\bin\Debug\net9.0\NEsper.Regression.Runner.dll" adapterTypeName="executor://nunit3testexecutor/" className="com.espertech.esper.regressionrun.suite.epl.TestSuiteEPLFromClauseMethod+TestEPLFromClauseMethod" name="With2JoinHistoricalSubordinateOuterMultiField" />
    </UnitTest>
    <UnitTest name="With2JoinHistoricalIndependentOuter" storage="d:\src\espertech\nesper-8.9.x\tst\nesper.regression.runner\bin\debug\net9.0\nesper.regression.runner.dll" id="b9d40b28-78c6-7d11-ae3e-fadac93613c9">
      <Execution id="42313563-174e-4eb4-8ff3-e439bf01b0e2" />
      <TestMethod codeBase="D:\src\Espertech\NEsper-8.9.x\tst\NEsper.Regression.Runner\bin\Debug\net9.0\NEsper.Regression.Runner.dll" adapterTypeName="executor://nunit3testexecutor/" className="com.espertech.esper.regressionrun.suite.epl.TestSuiteEPLFromClauseMethod+TestEPLFromClauseMethod" name="With2JoinHistoricalIndependentOuter" />
    </UnitTest>
    <UnitTest name="WithInvocationTargetEx" storage="d:\src\espertech\nesper-8.9.x\tst\nesper.regression.runner\bin\debug\net9.0\nesper.regression.runner.dll" id="c5382b4c-9bbf-7ab1-6275-0ded93a27c51">
      <Execution id="327d60d3-87fb-427d-ab77-478d5533a61d" />
      <TestMethod codeBase="D:\src\Espertech\NEsper-8.9.x\tst\NEsper.Regression.Runner\bin\Debug\net9.0\NEsper.Regression.Runner.dll" adapterTypeName="executor://nunit3testexecutor/" className="com.espertech.esper.regressionrun.suite.epl.TestSuiteEPLFromClauseMethod+TestEPLFromClauseMethod" name="WithInvocationTargetEx" />
    </UnitTest>
    <UnitTest name="WithVariableInvalid" storage="d:\src\espertech\nesper-8.9.x\tst\nesper.regression.runner\bin\debug\net9.0\nesper.regression.runner.dll" id="2cb3c701-2f97-622a-9a64-81f39d75866e">
      <Execution id="490a21d0-0f21-4bf8-85b3-d524a99cf58c" />
      <TestMethod codeBase="D:\src\Espertech\NEsper-8.9.x\tst\NEsper.Regression.Runner\bin\Debug\net9.0\NEsper.Regression.Runner.dll" adapterTypeName="executor://nunit3testexecutor/" className="com.espertech.esper.regressionrun.suite.epl.TestSuiteEPLFromClauseMethodWConfig+TestEPLFromClauseMethodVariable" name="WithVariableInvalid" />
    </UnitTest>
    <UnitTest name="WithNonConstantVariable" storage="d:\src\espertech\nesper-8.9.x\tst\nesper.regression.runner\bin\debug\net9.0\nesper.regression.runner.dll" id="c4ed1c6c-81dd-5967-d6c0-6f9a39d363e9">
      <Execution id="6240750f-ca1b-4cb3-9d15-75a65c9af994" />
      <TestMethod codeBase="D:\src\Espertech\NEsper-8.9.x\tst\NEsper.Regression.Runner\bin\Debug\net9.0\NEsper.Regression.Runner.dll" adapterTypeName="executor://nunit3testexecutor/" className="com.espertech.esper.regressionrun.suite.epl.TestSuiteEPLFromClauseMethodWConfig+TestEPLFromClauseMethodVariable" name="WithNonConstantVariable" />
    </UnitTest>
    <UnitTest name="WithUDFAndScriptReturningEvents" storage="d:\src\espertech\nesper-8.9.x\tst\nesper.regression.runner\bin\debug\net9.0\nesper.regression.runner.dll" id="d1c6e768-a914-91af-17c2-38befb1d8312">
      <Execution id="cbe81c22-81fb-4287-b6d7-6c1470eb827f" />
      <TestMethod codeBase="D:\src\Espertech\NEsper-8.9.x\tst\NEsper.Regression.Runner\bin\Debug\net9.0\NEsper.Regression.Runner.dll" adapterTypeName="executor://nunit3testexecutor/" className="com.espertech.esper.regressionrun.suite.epl.TestSuiteEPLFromClauseMethod+TestEPLFromClauseMethod" name="WithUDFAndScriptReturningEvents" />
    </UnitTest>
    <UnitTest name="With2Stream1HistTwoSidedEntryIdenticalIndex" storage="d:\src\espertech\nesper-8.9.x\tst\nesper.regression.runner\bin\debug\net9.0\nesper.regression.runner.dll" id="80bc7554-0956-31c9-1199-9edddeb75e97">
      <Execution id="d4ea33d7-568a-424b-a1c1-2e08fc0c101e" />
      <TestMethod codeBase="D:\src\Espertech\NEsper-8.9.x\tst\NEsper.Regression.Runner\bin\Debug\net9.0\NEsper.Regression.Runner.dll" adapterTypeName="executor://nunit3testexecutor/" className="com.espertech.esper.regressionrun.suite.epl.TestSuiteEPLFromClauseMethodWConfig+TestEPLFromClauseMethodJoinPerformance" name="With2Stream1HistTwoSidedEntryIdenticalIndex" />
    </UnitTest>
    <UnitTest name="With3Hist1Subordinate" storage="d:\src\espertech\nesper-8.9.x\tst\nesper.regression.runner\bin\debug\net9.0\nesper.regression.runner.dll" id="ad0b13e4-3a88-37c3-03af-8bcbfa6c81ac">
      <Execution id="767a5b6c-bd51-49a8-8e56-b892fa5fa5b2" />
      <TestMethod codeBase="D:\src\Espertech\NEsper-8.9.x\tst\NEsper.Regression.Runner\bin\Debug\net9.0\NEsper.Regression.Runner.dll" adapterTypeName="executor://nunit3testexecutor/" className="com.espertech.esper.regressionrun.suite.epl.TestSuiteEPLFromClauseMethod+TestEPLFromClauseMethodNStream" name="With3Hist1Subordinate" />
    </UnitTest>
    <UnitTest name="WithObjectWithArg" storage="d:\src\espertech\nesper-8.9.x\tst\nesper.regression.runner\bin\debug\net9.0\nesper.regression.runner.dll" id="a89b3ac3-3fe2-22a6-e66f-947f1ba44151">
      <Execution id="7e20f48e-c0e3-4d6d-962b-ede070607dbb" />
      <TestMethod codeBase="D:\src\Espertech\NEsper-8.9.x\tst\NEsper.Regression.Runner\bin\Debug\net9.0\NEsper.Regression.Runner.dll" adapterTypeName="executor://nunit3testexecutor/" className="com.espertech.esper.regressionrun.suite.epl.TestSuiteEPLFromClauseMethod+TestEPLFromClauseMethod" name="WithObjectWithArg" />
    </UnitTest>
    <UnitTest name="With1Stream3HistChainSubordinate" storage="d:\src\espertech\nesper-8.9.x\tst\nesper.regression.runner\bin\debug\net9.0\nesper.regression.runner.dll" id="aed80b4e-d377-36e7-b00d-c4539feb4b40">
      <Execution id="18665d86-f801-40d8-930f-d8a94a392011" />
      <TestMethod codeBase="D:\src\Espertech\NEsper-8.9.x\tst\NEsper.Regression.Runner\bin\Debug\net9.0\NEsper.Regression.Runner.dll" adapterTypeName="executor://nunit3testexecutor/" className="com.espertech.esper.regressionrun.suite.epl.TestSuiteEPLFromClauseMethod+TestEPLFromClauseMethodNStream" name="With1Stream3HistChainSubordinate" />
    </UnitTest>
    <UnitTest name="With2JoinHistoricalOnlyDependent" storage="d:\src\espertech\nesper-8.9.x\tst\nesper.regression.runner\bin\debug\net9.0\nesper.regression.runner.dll" id="f20a693d-32e8-6d8a-3f50-1be796059356">
      <Execution id="e9d2c8fc-f79c-4360-9e2a-441130557a83" />
      <TestMethod codeBase="D:\src\Espertech\NEsper-8.9.x\tst\NEsper.Regression.Runner\bin\Debug\net9.0\NEsper.Regression.Runner.dll" adapterTypeName="executor://nunit3testexecutor/" className="com.espertech.esper.regressionrun.suite.epl.TestSuiteEPLFromClauseMethod+TestEPLFromClauseMethod" name="With2JoinHistoricalOnlyDependent" />
    </UnitTest>
    <UnitTest name="With1Stream2HistStarSubordinateJoinedKeepall" storage="d:\src\espertech\nesper-8.9.x\tst\nesper.regression.runner\bin\debug\net9.0\nesper.regression.runner.dll" id="d65e6d2f-2431-8411-5928-73cbe440db54">
      <Execution id="394cb30a-8062-48a9-b11c-6235075174a2" />
      <TestMethod codeBase="D:\src\Espertech\NEsper-8.9.x\tst\NEsper.Regression.Runner\bin\Debug\net9.0\NEsper.Regression.Runner.dll" adapterTypeName="executor://nunit3testexecutor/" className="com.espertech.esper.regressionrun.suite.epl.TestSuiteEPLFromClauseMethod+TestEPLFromClauseMethodNStream" name="With1Stream2HistStarSubordinateJoinedKeepall" />
    </UnitTest>
    <UnitTest name="With1Stream2HistStarSubordinateInner" storage="d:\src\espertech\nesper-8.9.x\tst\nesper.regression.runner\bin\debug\net9.0\nesper.regression.runner.dll" id="ab301541-331f-edaa-60a7-de5c6cfa6a94">
      <Execution id="93de3443-e533-4199-9242-6326a2425e52" />
      <TestMethod codeBase="D:\src\Espertech\NEsper-8.9.x\tst\NEsper.Regression.Runner\bin\Debug\net9.0\NEsper.Regression.Runner.dll" adapterTypeName="executor://nunit3testexecutor/" className="com.espertech.esper.regressionrun.suite.epl.TestSuiteEPLFromClauseMethod+TestEPLFromClauseMethodOuterNStream" name="With1Stream2HistStarSubordinateInner" />
    </UnitTest>
    <UnitTest name="With2StreamMaxAggregation" storage="d:\src\espertech\nesper-8.9.x\tst\nesper.regression.runner\bin\debug\net9.0\nesper.regression.runner.dll" id="a2713af6-bece-13ab-789e-442eefd9f982">
      <Execution id="e50c057c-ef1c-4c3b-ac44-4407fa7666ba" />
      <TestMethod codeBase="D:\src\Espertech\NEsper-8.9.x\tst\NEsper.Regression.Runner\bin\Debug\net9.0\NEsper.Regression.Runner.dll" adapterTypeName="executor://nunit3testexecutor/" className="com.espertech.esper.regressionrun.suite.epl.TestSuiteEPLFromClauseMethod+TestEPLFromClauseMethod" name="With2StreamMaxAggregation" />
    </UnitTest>
    <UnitTest name="WithWithMethodResultParam" storage="d:\src\espertech\nesper-8.9.x\tst\nesper.regression.runner\bin\debug\net9.0\nesper.regression.runner.dll" id="1b296746-8229-8124-70b9-b1c327716f37">
      <Execution id="407a0608-3da8-405c-bc3a-d8cc86bd3ecc" />
      <TestMethod codeBase="D:\src\Espertech\NEsper-8.9.x\tst\NEsper.Regression.Runner\bin\Debug\net9.0\NEsper.Regression.Runner.dll" adapterTypeName="executor://nunit3testexecutor/" className="com.espertech.esper.regressionrun.suite.epl.TestSuiteEPLFromClauseMethod+TestEPLFromClauseMethod" name="WithWithMethodResultParam" />
    </UnitTest>
    <UnitTest name="With3Stream1HistSubordinate" storage="d:\src\espertech\nesper-8.9.x\tst\nesper.regression.runner\bin\debug\net9.0\nesper.regression.runner.dll" id="c07a58d2-40c1-29bf-4723-e4a244974751">
      <Execution id="ad0b0dc0-b699-4b4e-b669-a98034329b76" />
      <TestMethod codeBase="D:\src\Espertech\NEsper-8.9.x\tst\NEsper.Regression.Runner\bin\Debug\net9.0\NEsper.Regression.Runner.dll" adapterTypeName="executor://nunit3testexecutor/" className="com.espertech.esper.regressionrun.suite.epl.TestSuiteEPLFromClauseMethod+TestEPLFromClauseMethodNStream" name="With3Stream1HistSubordinate" />
    </UnitTest>
    <UnitTest name="WithStreamNameWContext" storage="d:\src\espertech\nesper-8.9.x\tst\nesper.regression.runner\bin\debug\net9.0\nesper.regression.runner.dll" id="de3ab5c8-739b-b324-a84b-73fae8adc61d">
      <Execution id="4a051deb-e496-4c75-a682-a536a019e721" />
      <TestMethod codeBase="D:\src\Espertech\NEsper-8.9.x\tst\NEsper.Regression.Runner\bin\Debug\net9.0\NEsper.Regression.Runner.dll" adapterTypeName="executor://nunit3testexecutor/" className="com.espertech.esper.regressionrun.suite.epl.TestSuiteEPLFromClauseMethod+TestEPLFromClauseMethod" name="WithStreamNameWContext" />
    </UnitTest>
    <UnitTest name="With1Stream2HistStarNoSubordinateLeftRight" storage="d:\src\espertech\nesper-8.9.x\tst\nesper.regression.runner\bin\debug\net9.0\nesper.regression.runner.dll" id="95b1ec09-7484-b84e-8e39-aa645d62aae0">
      <Execution id="0059d74c-e95c-43ea-8d52-04975cd21750" />
      <TestMethod codeBase="D:\src\Espertech\NEsper-8.9.x\tst\NEsper.Regression.Runner\bin\Debug\net9.0\NEsper.Regression.Runner.dll" adapterTypeName="executor://nunit3testexecutor/" className="com.espertech.esper.regressionrun.suite.epl.TestSuiteEPLFromClauseMethod+TestEPLFromClauseMethodOuterNStream" name="With1Stream2HistStarNoSubordinateLeftRight" />
    </UnitTest>
    <UnitTest name="WithVariableMapAndOA" storage="d:\src\espertech\nesper-8.9.x\tst\nesper.regression.runner\bin\debug\net9.0\nesper.regression.runner.dll" id="6b4a3181-d5a4-8cd2-0637-6c948512d4ce">
      <Execution id="433ce100-6504-42a1-b72c-e97c6e2c7591" />
      <TestMethod codeBase="D:\src\Espertech\NEsper-8.9.x\tst\NEsper.Regression.Runner\bin\Debug\net9.0\NEsper.Regression.Runner.dll" adapterTypeName="executor://nunit3testexecutor/" className="com.espertech.esper.regressionrun.suite.epl.TestSuiteEPLFromClauseMethodWConfig+TestEPLFromClauseMethodVariable" name="WithVariableMapAndOA" />
    </UnitTest>
    <UnitTest name="WithParameterizedByTwoField" storage="d:\src\espertech\nesper-8.9.x\tst\nesper.regression.runner\bin\debug\net9.0\nesper.regression.runner.dll" id="31c3ff31-8f51-313e-0cc9-b7abe533694b">
      <Execution id="a8458b60-c13e-4383-981e-cb5d3a7168c4" />
      <TestMethod codeBase="D:\src\Espertech\NEsper-8.9.x\tst\NEsper.Regression.Runner\bin\Debug\net9.0\NEsper.Regression.Runner.dll" adapterTypeName="executor://nunit3testexecutor/" className="com.espertech.esper.regressionrun.suite.epl.TestSuiteEPLFromClauseMethodWConfig+TestEPLFromClauseMethodMultikeyWArray" name="WithParameterizedByTwoField" />
    </UnitTest>
    <UnitTest name="WithArrayWithArg" storage="d:\src\espertech\nesper-8.9.x\tst\nesper.regression.runner\bin\debug\net9.0\nesper.regression.runner.dll" id="c1baa4b0-29cb-2939-efa3-4f18533f3727">
      <Execution id="ea8d2c62-e7ac-49bc-9d4d-348a24536690" />
      <TestMethod codeBase="D:\src\Espertech\NEsper-8.9.x\tst\NEsper.Regression.Runner\bin\Debug\net9.0\NEsper.Regression.Runner.dll" adapterTypeName="executor://nunit3testexecutor/" className="com.espertech.esper.regressionrun.suite.epl.TestSuiteEPLFromClauseMethod+TestEPLFromClauseMethod" name="WithArrayWithArg" />
    </UnitTest>
    <UnitTest name="With3Hist2SubordinateChain" storage="d:\src\espertech\nesper-8.9.x\tst\nesper.regression.runner\bin\debug\net9.0\nesper.regression.runner.dll" id="2d17ac21-f335-a260-ddb5-efcacbe200fe">
      <Execution id="bbcece14-a88c-46f2-9d50-7e4278d5ff66" />
      <TestMethod codeBase="D:\src\Espertech\NEsper-8.9.x\tst\NEsper.Regression.Runner\bin\Debug\net9.0\NEsper.Regression.Runner.dll" adapterTypeName="executor://nunit3testexecutor/" className="com.espertech.esper.regressionrun.suite.epl.TestSuiteEPLFromClauseMethod+TestEPLFromClauseMethodNStream" name="With3Hist2SubordinateChain" />
    </UnitTest>
    <UnitTest name="With1Stream2HistStarSubordinateCartesianLast" storage="d:\src\espertech\nesper-8.9.x\tst\nesper.regression.runner\bin\debug\net9.0\nesper.regression.runner.dll" id="10f6098e-f4a1-e1ac-45fb-433aa21fb9ba">
      <Execution id="94d70a4b-2b7c-4d8d-a3c0-68ce2ee0fbab" />
      <TestMethod codeBase="D:\src\Espertech\NEsper-8.9.x\tst\NEsper.Regression.Runner\bin\Debug\net9.0\NEsper.Regression.Runner.dll" adapterTypeName="executor://nunit3testexecutor/" className="com.espertech.esper.regressionrun.suite.epl.TestSuiteEPLFromClauseMethod+TestEPLFromClauseMethodNStream" name="With1Stream2HistStarSubordinateCartesianLast" />
    </UnitTest>
    <UnitTest name="With2Stream2HistStarSubordinate" storage="d:\src\espertech\nesper-8.9.x\tst\nesper.regression.runner\bin\debug\net9.0\nesper.regression.runner.dll" id="8ff14f40-67d9-7efb-aa8b-f87c6d768cc9">
      <Execution id="d0bb1881-0aee-48d6-b91d-ea07ee17749b" />
      <TestMethod codeBase="D:\src\Espertech\NEsper-8.9.x\tst\NEsper.Regression.Runner\bin\Debug\net9.0\NEsper.Regression.Runner.dll" adapterTypeName="executor://nunit3testexecutor/" className="com.espertech.esper.regressionrun.suite.epl.TestSuiteEPLFromClauseMethod+TestEPLFromClauseMethodNStream" name="With2Stream2HistStarSubordinate" />
    </UnitTest>
    <UnitTest name="WithParameterizedByArray" storage="d:\src\espertech\nesper-8.9.x\tst\nesper.regression.runner\bin\debug\net9.0\nesper.regression.runner.dll" id="889374d7-93fa-aaf2-13e6-37c84c5ab04d">
      <Execution id="a01fed3f-e282-4a81-94b7-cabdb9b17de0" />
      <TestMethod codeBase="D:\src\Espertech\NEsper-8.9.x\tst\NEsper.Regression.Runner\bin\Debug\net9.0\NEsper.Regression.Runner.dll" adapterTypeName="executor://nunit3testexecutor/" className="com.espertech.esper.regressionrun.suite.epl.TestSuiteEPLFromClauseMethodWConfig+TestEPLFromClauseMethodMultikeyWArray" name="WithParameterizedByArray" />
    </UnitTest>
    <UnitTest name="WithNoJoinIterateVariables" storage="d:\src\espertech\nesper-8.9.x\tst\nesper.regression.runner\bin\debug\net9.0\nesper.regression.runner.dll" id="32569e46-bc64-4124-f25f-211a40756900">
      <Execution id="68f6bb87-c654-4932-a987-876182eaefb6" />
      <TestMethod codeBase="D:\src\Espertech\NEsper-8.9.x\tst\NEsper.Regression.Runner\bin\Debug\net9.0\NEsper.Regression.Runner.dll" adapterTypeName="executor://nunit3testexecutor/" className="com.espertech.esper.regressionrun.suite.epl.TestSuiteEPLFromClauseMethod+TestEPLFromClauseMethod" name="WithNoJoinIterateVariables" />
    </UnitTest>
    <UnitTest name="With1Stream3HistStarSubordinateCartesianLast" storage="d:\src\espertech\nesper-8.9.x\tst\nesper.regression.runner\bin\debug\net9.0\nesper.regression.runner.dll" id="ecb13a3e-c370-6d1a-abef-8d68e5f3bdd4">
      <Execution id="84c77584-2f31-4192-a2a9-d9296180aca4" />
      <TestMethod codeBase="D:\src\Espertech\NEsper-8.9.x\tst\NEsper.Regression.Runner\bin\Debug\net9.0\NEsper.Regression.Runner.dll" adapterTypeName="executor://nunit3testexecutor/" className="com.espertech.esper.regressionrun.suite.epl.TestSuiteEPLFromClauseMethod+TestEPLFromClauseMethodNStream" name="With1Stream3HistStarSubordinateCartesianLast" />
    </UnitTest>
    <UnitTest name="With1Stream2HistStarSubordinateLeftRight" storage="d:\src\espertech\nesper-8.9.x\tst\nesper.regression.runner\bin\debug\net9.0\nesper.regression.runner.dll" id="252f1163-7937-ca67-c264-81598f42353a">
      <Execution id="026e252d-c756-4bed-b7a1-2b373c287683" />
      <TestMethod codeBase="D:\src\Espertech\NEsper-8.9.x\tst\NEsper.Regression.Runner\bin\Debug\net9.0\NEsper.Regression.Runner.dll" adapterTypeName="executor://nunit3testexecutor/" className="com.espertech.esper.regressionrun.suite.epl.TestSuiteEPLFromClauseMethod+TestEPLFromClauseMethodOuterNStream" name="With1Stream2HistStarSubordinateLeftRight" />
    </UnitTest>
    <UnitTest name="With2JoinHistoricalSubordinateOuter" storage="d:\src\espertech\nesper-8.9.x\tst\nesper.regression.runner\bin\debug\net9.0\nesper.regression.runner.dll" id="0fe21fbb-5cd2-a48b-cd3a-3ec90e1018b9">
      <Execution id="9f72d5d7-bfd3-46c7-bedb-dae89bf01b16" />
      <TestMethod codeBase="D:\src\Espertech\NEsper-8.9.x\tst\NEsper.Regression.Runner\bin\Debug\net9.0\NEsper.Regression.Runner.dll" adapterTypeName="executor://nunit3testexecutor/" className="com.espertech.esper.regressionrun.suite.epl.TestSuiteEPLFromClauseMethod+TestEPLFromClauseMethod" name="With2JoinHistoricalSubordinateOuter" />
    </UnitTest>
  </TestDefinitions>
  <TestEntries>
    <TestEntry testId="00c7fbfc-3786-7e7f-fba5-854aa27989d5" executionId="50e5e789-979e-4249-acef-ddbf8f0786ef" testListId="8c84fa94-04c1-424b-9868-57a2d4851a1d" />
    <TestEntry testId="c03d7f3c-8903-8ba0-49a4-c4e23c4cc563" executionId="309ebc78-5395-47b3-ac5d-9fffd2185e42" testListId="8c84fa94-04c1-424b-9868-57a2d4851a1d" />
    <TestEntry testId="c5382b4c-9bbf-7ab1-6275-0ded93a27c51" executionId="327d60d3-87fb-427d-ab77-478d5533a61d" testListId="8c84fa94-04c1-424b-9868-57a2d4851a1d" />
    <TestEntry testId="2d17ac21-f335-a260-ddb5-efcacbe200fe" executionId="bbcece14-a88c-46f2-9d50-7e4278d5ff66" testListId="8c84fa94-04c1-424b-9868-57a2d4851a1d" />
    <TestEntry testId="d33a42fd-e83c-efc9-fe80-b8969837d247" executionId="03557799-95d0-436e-b9e7-272db1e94ab2" testListId="8c84fa94-04c1-424b-9868-57a2d4851a1d" />
    <TestEntry testId="252f1163-7937-ca67-c264-81598f42353a" executionId="026e252d-c756-4bed-b7a1-2b373c287683" testListId="8c84fa94-04c1-424b-9868-57a2d4851a1d" />
    <TestEntry testId="671ef0be-bfbc-27c0-90c3-03a92d951550" executionId="fb8a3766-baed-4310-9d32-eb7538b156e4" testListId="8c84fa94-04c1-424b-9868-57a2d4851a1d" />
    <TestEntry testId="0fe21fbb-5cd2-a48b-cd3a-3ec90e1018b9" executionId="9f72d5d7-bfd3-46c7-bedb-dae89bf01b16" testListId="8c84fa94-04c1-424b-9868-57a2d4851a1d" />
    <TestEntry testId="57098130-5f93-86ad-547e-8afc2fcc1c2b" executionId="fc7d2513-5be0-479a-9ad9-82a8fd1cbc56" testListId="8c84fa94-04c1-424b-9868-57a2d4851a1d" />
    <TestEntry testId="b9d40b28-78c6-7d11-ae3e-fadac93613c9" executionId="42313563-174e-4eb4-8ff3-e439bf01b0e2" testListId="8c84fa94-04c1-424b-9868-57a2d4851a1d" />
    <TestEntry testId="2cb3c701-2f97-622a-9a64-81f39d75866e" executionId="490a21d0-0f21-4bf8-85b3-d524a99cf58c" testListId="8c84fa94-04c1-424b-9868-57a2d4851a1d" />
    <TestEntry testId="10f6098e-f4a1-e1ac-45fb-433aa21fb9ba" executionId="94d70a4b-2b7c-4d8d-a3c0-68ce2ee0fbab" testListId="8c84fa94-04c1-424b-9868-57a2d4851a1d" />
    <TestEntry testId="6b4a3181-d5a4-8cd2-0637-6c948512d4ce" executionId="433ce100-6504-42a1-b72c-e97c6e2c7591" testListId="8c84fa94-04c1-424b-9868-57a2d4851a1d" />
    <TestEntry testId="a60dbf7c-0656-d59e-c4ab-1cf06eeab346" executionId="8bfbc053-a9c4-4bb6-a43a-6109137c34d2" testListId="8c84fa94-04c1-424b-9868-57a2d4851a1d" />
    <TestEntry testId="c4ed1c6c-81dd-5967-d6c0-6f9a39d363e9" executionId="6240750f-ca1b-4cb3-9d15-75a65c9af994" testListId="8c84fa94-04c1-424b-9868-57a2d4851a1d" />
    <TestEntry testId="5fbebd37-a183-382c-349c-0df2b00a91a8" executionId="2f413a47-5dce-4392-9921-9c3f1767ae25" testListId="8c84fa94-04c1-424b-9868-57a2d4851a1d" />
    <TestEntry testId="c07a58d2-40c1-29bf-4723-e4a244974751" executionId="ad0b0dc0-b699-4b4e-b669-a98034329b76" testListId="8c84fa94-04c1-424b-9868-57a2d4851a1d" />
    <TestEntry testId="31c3ff31-8f51-313e-0cc9-b7abe533694b" executionId="a8458b60-c13e-4383-981e-cb5d3a7168c4" testListId="8c84fa94-04c1-424b-9868-57a2d4851a1d" />
    <TestEntry testId="b420fcf1-f521-9350-9401-f000af33d434" executionId="dbf3c53f-6f6a-4ae9-a877-3f8c791e6b70" testListId="8c84fa94-04c1-424b-9868-57a2d4851a1d" />
    <TestEntry testId="a7277fbb-a9f3-e6ea-eccb-c00f4c75e57c" executionId="cbcaab0d-84cd-4413-b600-fd67d87de642" testListId="8c84fa94-04c1-424b-9868-57a2d4851a1d" />
    <TestEntry testId="80bc7554-0956-31c9-1199-9edddeb75e97" executionId="d4ea33d7-568a-424b-a1c1-2e08fc0c101e" testListId="8c84fa94-04c1-424b-9868-57a2d4851a1d" />
    <TestEntry testId="b75961a2-ed75-fd90-8dab-3ea7f2255577" executionId="cb646910-963a-47a1-a9e6-d632a743f623" testListId="8c84fa94-04c1-424b-9868-57a2d4851a1d" />
    <TestEntry testId="536d43d5-07a9-21f5-13a7-e041a96aabd0" executionId="582de34c-c360-465b-b7c9-5b4e25267a1f" testListId="8c84fa94-04c1-424b-9868-57a2d4851a1d" />
    <TestEntry testId="32569e46-bc64-4124-f25f-211a40756900" executionId="68f6bb87-c654-4932-a987-876182eaefb6" testListId="8c84fa94-04c1-424b-9868-57a2d4851a1d" />
    <TestEntry testId="ab301541-331f-edaa-60a7-de5c6cfa6a94" executionId="93de3443-e533-4199-9242-6326a2425e52" testListId="8c84fa94-04c1-424b-9868-57a2d4851a1d" />
    <TestEntry testId="26c6f696-7ad9-ae8c-00cd-e1b93b069edf" executionId="1957bda9-6d91-428d-ba5c-65fdfa45dedd" testListId="8c84fa94-04c1-424b-9868-57a2d4851a1d" />
    <TestEntry testId="c6b96ba0-207e-626c-ee5b-5460165f1dfe" executionId="5a1ede3f-241e-49bb-8086-87e5d743584a" testListId="8c84fa94-04c1-424b-9868-57a2d4851a1d" />
    <TestEntry testId="683c6fea-7ec6-854c-d72a-d866f1c4afb1" executionId="eefb20f4-dd7b-47a1-9002-c9698f923414" testListId="8c84fa94-04c1-424b-9868-57a2d4851a1d" />
    <TestEntry testId="c1baa4b0-29cb-2939-efa3-4f18533f3727" executionId="ea8d2c62-e7ac-49bc-9d4d-348a24536690" testListId="8c84fa94-04c1-424b-9868-57a2d4851a1d" />
    <TestEntry testId="2db123c2-5b49-a726-1db7-db3d2380c219" executionId="9166ec51-6ca3-4e96-930d-babd9d592bb8" testListId="8c84fa94-04c1-424b-9868-57a2d4851a1d" />
    <TestEntry testId="d1c6e768-a914-91af-17c2-38befb1d8312" executionId="cbe81c22-81fb-4287-b6d7-6c1470eb827f" testListId="8c84fa94-04c1-424b-9868-57a2d4851a1d" />
    <TestEntry testId="ad0b13e4-3a88-37c3-03af-8bcbfa6c81ac" executionId="767a5b6c-bd51-49a8-8e56-b892fa5fa5b2" testListId="8c84fa94-04c1-424b-9868-57a2d4851a1d" />
    <TestEntry testId="f20a693d-32e8-6d8a-3f50-1be796059356" executionId="e9d2c8fc-f79c-4360-9e2a-441130557a83" testListId="8c84fa94-04c1-424b-9868-57a2d4851a1d" />
    <TestEntry testId="d65e6d2f-2431-8411-5928-73cbe440db54" executionId="394cb30a-8062-48a9-b11c-6235075174a2" testListId="8c84fa94-04c1-424b-9868-57a2d4851a1d" />
    <TestEntry testId="fc83dce9-c52d-dade-2845-f1043824c5df" executionId="4eb46322-15a3-4277-80a8-636624111c95" testListId="8c84fa94-04c1-424b-9868-57a2d4851a1d" />
    <TestEntry testId="aed80b4e-d377-36e7-b00d-c4539feb4b40" executionId="18665d86-f801-40d8-930f-d8a94a392011" testListId="8c84fa94-04c1-424b-9868-57a2d4851a1d" />
    <TestEntry testId="a89b3ac3-3fe2-22a6-e66f-947f1ba44151" executionId="7e20f48e-c0e3-4d6d-962b-ede070607dbb" testListId="8c84fa94-04c1-424b-9868-57a2d4851a1d" />
    <TestEntry testId="ef2d4ad6-c179-6a19-0ab8-c91a9d2be0e2" executionId="8ce3afa6-d229-458a-9c39-a3dfd1465671" testListId="8c84fa94-04c1-424b-9868-57a2d4851a1d" />
    <TestEntry testId="de3ab5c8-739b-b324-a84b-73fae8adc61d" executionId="4a051deb-e496-4c75-a682-a536a019e721" testListId="8c84fa94-04c1-424b-9868-57a2d4851a1d" />
    <TestEntry testId="b1455963-af0a-85a3-8ba7-5424d797542a" executionId="eae5cc43-71af-4965-96cc-19bc7fb90c88" testListId="8c84fa94-04c1-424b-9868-57a2d4851a1d" />
    <TestEntry testId="55ef2e15-5279-e3cf-5fbe-3d8d63ad708b" executionId="b36e1416-68c9-4fcc-8bae-c33f36cf550a" testListId="8c84fa94-04c1-424b-9868-57a2d4851a1d" />
    <TestEntry testId="889374d7-93fa-aaf2-13e6-37c84c5ab04d" executionId="a01fed3f-e282-4a81-94b7-cabdb9b17de0" testListId="8c84fa94-04c1-424b-9868-57a2d4851a1d" />
    <TestEntry testId="a2713af6-bece-13ab-789e-442eefd9f982" executionId="e50c057c-ef1c-4c3b-ac44-4407fa7666ba" testListId="8c84fa94-04c1-424b-9868-57a2d4851a1d" />
    <TestEntry testId="1b296746-8229-8124-70b9-b1c327716f37" executionId="407a0608-3da8-405c-bc3a-d8cc86bd3ecc" testListId="8c84fa94-04c1-424b-9868-57a2d4851a1d" />
    <TestEntry testId="aecd6939-ea2d-b57e-66bd-32403ac94916" executionId="12396694-7cbe-4383-8710-38d6a272ee29" testListId="8c84fa94-04c1-424b-9868-57a2d4851a1d" />
    <TestEntry testId="ecb13a3e-c370-6d1a-abef-8d68e5f3bdd4" executionId="84c77584-2f31-4192-a2a9-d9296180aca4" testListId="8c84fa94-04c1-424b-9868-57a2d4851a1d" />
    <TestEntry testId="aed42aef-3e6c-79ae-5057-9df09b27aac3" executionId="22e2cf5b-81bf-4e91-88cf-2a83c3c24682" testListId="8c84fa94-04c1-424b-9868-57a2d4851a1d" />
    <TestEntry testId="1d0c8372-b310-842b-b901-fe947757f79f" executionId="da570450-a8d4-44ea-b1b7-a62261281034" testListId="8c84fa94-04c1-424b-9868-57a2d4851a1d" />
    <TestEntry testId="602c80e8-0719-3cde-011c-55a50fb7c731" executionId="53cf61e5-e01d-4655-9e21-6037ade7888a" testListId="8c84fa94-04c1-424b-9868-57a2d4851a1d" />
    <TestEntry testId="95b1ec09-7484-b84e-8e39-aa645d62aae0" executionId="0059d74c-e95c-43ea-8d52-04975cd21750" testListId="8c84fa94-04c1-424b-9868-57a2d4851a1d" />
    <TestEntry testId="0b727cc8-656b-3bc0-8a60-0afc847f68ff" executionId="28512b9b-98cb-4013-8ec4-06d15fdddc08" testListId="8c84fa94-04c1-424b-9868-57a2d4851a1d" />
    <TestEntry testId="a33bb8a2-61b7-0ee8-2d50-1c47864a0278" executionId="c3060b3d-14f1-41a9-a9c0-fcd6aaa5c54e" testListId="8c84fa94-04c1-424b-9868-57a2d4851a1d" />
    <TestEntry testId="8ff14f40-67d9-7efb-aa8b-f87c6d768cc9" executionId="d0bb1881-0aee-48d6-b91d-ea07ee17749b" testListId="8c84fa94-04c1-424b-9868-57a2d4851a1d" />
    <TestEntry testId="53c3dc8d-6f36-3dee-d6cc-bd6805d9a260" executionId="1ff16256-bbfa-423a-ab33-ff11e0afec6d" testListId="8c84fa94-04c1-424b-9868-57a2d4851a1d" />
    <TestEntry testId="bc6651bc-13ce-5c99-a3fe-95dd08c59e75" executionId="7aedbfe5-abd3-450c-bace-60bb9c8416a2" testListId="8c84fa94-04c1-424b-9868-57a2d4851a1d" />
    <TestEntry testId="cb58eba5-63e4-8211-56f2-a714037c8d74" executionId="08aac042-e587-4adb-8b27-a9868ab68d6c" testListId="8c84fa94-04c1-424b-9868-57a2d4851a1d" />
  </TestEntries>
  <TestLists>
    <TestList name="Results Not in a List" id="8c84fa94-04c1-424b-9868-57a2d4851a1d" />
    <TestList name="All Loaded Results" id="19431567-8539-422a-85d7-44ee4e166bda" />
  </TestLists>
  <ResultSummary outcome="Completed">
    <Counters total="56" executed="56" passed="56" failed="0" error="0" timeout="0" aborted="0" inconclusive="0" passedButRunAborted="0" notRunnable="0" notExecuted="0" disconnected="0" warning="0" completed="0" inProgress="0" pending="0" />
    <Output>
      <StdOut>NUnit Adapter 6.0.0.0: Test execution started&#xD;
Running selected tests in D:\src\Espertech\NEsper-8.9.x\tst\NEsper.Regression.Runner\bin\Debug\net9.0\NEsper.Regression.Runner.dll&#xD;
   NUnit3TestExecutor discovered 56 of 56 NUnit test cases using Current Discovery mode, Non-Explicit run&#xD;
NUnit Adapter 6.0.0.0: Test execution complete&#xD;
</StdOut>
    </Output>
  </ResultSummary>
</TestRun>